Microchip MPLAB XC8 Compiler V2.40

Linker command line:

-W-3 \
  --edf=C:\Program Files\Microchip\xc8\v2.40\pic\dat\20220703182018_en.msgs \
  -cn -h+dist/default/production\pic_projects.production.sym \
  --cmf=dist/default/production\pic_projects.production.cmf -z -Q18F4620 \
  -oC:\Users\DELL\AppData\Local\Temp\xcAsagk.4 --defsym=__MPLAB_BUILD=1 \
  --fixupoverflow=error \
  -Mdist/default/production/pic_projects.production.map \
  --md=C:\Users\DELL\AppData\Local\Temp\xcAsagk.dat -E1 -ver=XC8 Compiler \
  --acfsm=1493 -ACODE=00h-0FFFFh -ACONST=00h-0FFFFh \
  -ASMALLCONST=01000h-010FFhx240 -AMEDIUMCONST=01000h-0FFFFh \
  -ACOMRAM=01h-07Fh -AABS1=00h-0F7Fh -ABIGRAM=01h-0F7Fh \
  -ARAM=080h-0FFh,0100h-01FFhx14,0F00h-0F7Fh -ABANK0=080h-0FFh \
  -ABANK1=0100h-01FFh -ABANK2=0200h-02FFh -ABANK3=0300h-03FFh \
  -ABANK4=0400h-04FFh -ABANK5=0500h-05FFh -ABANK6=0600h-06FFh \
  -ABANK7=0700h-07FFh -ABANK8=0800h-08FFh -ABANK9=0900h-09FFh \
  -ABANK10=0A00h-0AFFh -ABANK11=0B00h-0BFFh -ABANK12=0C00h-0CFFh \
  -ABANK13=0D00h-0DFFh -ABANK14=0E00h-0EFFh -ABANK15=0F00h-0F7Fh \
  -ASFR=0F80h-0FFFh -ABIGSFR=0F80h-0FFFh -ACONFIG=0300000h-030000Dh \
  -AIDLOC=0200000h-0200007h -AEEDATA=0F00000h-0F003FFh -peeprom_data=EEDATA \
  -preset_vec=00h,intcode=08h,intcodelo,powerup,init -pramtop=01000h \
  -psmallconst=SMALLCONST -pmediumconst=MEDIUMCONST -pconst=CONST \
  -AFARRAM=00h-00h \
  -prdata=COMRAM,nvrram=COMRAM,nvbit=COMRAM,rbss=COMRAM,rbit=COMRAM \
  -pfarbss=FARRAM,fardata=FARRAM,nvFARRAM=FARRAM \
  -pintsave_regs=BIGRAM,bigbss=BIGRAM,bigdata=BIGRAM -pbss=RAM \
  -pidata=CODE,irdata=CODE,ibigdata=CODE,ifardata=CODE -prparam=COMRAM \
  C:\Users\DELL\AppData\Local\Temp\xcAsagk.o \
  dist/default/production\pic_projects.production.o 

Object code version is 3.11

Machine type is 18F4620



                Name                               Link     Load   Length Selector   Space Scale
C:\Users\DELL\AppData\Local\Temp\xcAsagk.o
                idloc                            200000   200000        8        0       5
                config                           300000   300000        E        0       4
                init                                  E        E        4        4       0
                reset_vec                             0        0        4        0       0
dist/default/production\pic_projects.production.o
                intcode                               8        8        6        4       0
                idloc                            200000   200000        8        0       5
                config                           300000   300000        E        0       4
                temp                                 7E       7E        1        1       1
                smallconst                         1000     1000       16      800       0
                text29                             2414     2414        4     11E2       0
                text28                             2410     2410        4     11E2       0
                text27                             240C     240C        4     11E2       0
                text26                             2408     2408        4     11E2       0
                text25                             2404     2404        4     11E2       0
                text24                             2400     2400        4     11E2       0
                text23                             23FC     23FC        4     11E2       0
                text22                             2398     2398       1A     1130       0
                text21                             237E     237E       1A     1130       0
                text20                             2364     2364       1A     1130       0
                text19                             234A     234A       1A     1130       0
                text18                             23DC     23DC        C     11E2       0
                text17                             23D0     23D0        C     11E2       0
                text16                             23E8     23E8        8     11E2       0
                text15                             23C4     23C4        C     11E2       0
                intcode_body                       14D6     14D6      3D6      80B       0
                text13                             1016     1016      4C0      80B       0
                text12                             18AC     18AC      39A      80B       0
                text11                             1F40     1F40      106      80B       0
                text10                             1C46     1C46      1B4      80B       0
                text9                              2046     2046       9E      80B       0
                text8                              232E     232E       1C     1130       0
                text7                              2260     2260       4A     1130       0
                text6                              23F6     23F6        6     11E2       0
                text5                              1DFA     1DFA      146      80B       0
                text4                              22EC     22EC       42     1130       0
                text3                              22AA     22AA       42     1130       0
                text2                              2418     2418        2     11E2       0
                text1                              23F0     23F0        6     11E2       0
                text0                              2166     2166       5C      80B       0
                cstackCOMRAM                          1        1       4A        1       1
                dataBANK1                           100      100       4A      100       1
                dataBANK0                            80       80       53       80       1
                bssBANK0                             D3       D3       2A       80       1
                dataCOMRAM                           6D       6D       11        1       1
                bssCOMRAM                            4B       4B       22        1       1
                cinit                              20E4     20E4       82      80B       0
                idataBANK1                         2215     2215       4A      80B       0
                idataBANK0                         21C2     21C2       53      80B       0
                idataCOMRAM                        23B2     23B2       11     1130       0

TOTAL           Name                               Link     Load   Length     Space
        CLASS   CODE           
                intcode                               8        8        6         0
                init                                  E        E        4         0
                reset_vec                             0        0        4         0
                text29                             2414     2414        4         0
                text28                             2410     2410        4         0
                text27                             240C     240C        4         0
                text26                             2408     2408        4         0
                text25                             2404     2404        4         0
                text24                             2400     2400        4         0
                text23                             23FC     23FC        4         0
                text22                             2398     2398       1A         0
                text21                             237E     237E       1A         0
                text20                             2364     2364       1A         0
                text19                             234A     234A       1A         0
                text18                             23DC     23DC        C         0
                text17                             23D0     23D0        C         0
                text16                             23E8     23E8        8         0
                text15                             23C4     23C4        C         0
                intcode_body                       14D6     14D6      3D6         0
                text13                             1016     1016      4C0         0
                text12                             18AC     18AC      39A         0
                text11                             1F40     1F40      106         0
                text10                             1C46     1C46      1B4         0
                text9                              2046     2046       9E         0
                text8                              232E     232E       1C         0
                text7                              2260     2260       4A         0
                text6                              23F6     23F6        6         0
                text5                              1DFA     1DFA      146         0
                text4                              22EC     22EC       42         0
                text3                              22AA     22AA       42         0
                text2                              2418     2418        2         0
                text1                              23F0     23F0        6         0
                text0                              2166     2166       5C         0
                cinit                              20E4     20E4       82         0
                idataBANK1                         2215     2215       4A         0
                idataBANK0                         21C2     21C2       53         0
                idataCOMRAM                        23B2     23B2       11         0

        CLASS   CONST          

        CLASS   SMALLCONST     
                smallconst                         1000     1000       16         0

        CLASS   MEDIUMCONST    

        CLASS   COMRAM         
                temp                                 7E       7E        1         1
                cstackCOMRAM                          1        1       4A         1
                dataCOMRAM                           6D       6D       11         1
                bssCOMRAM                            4B       4B       22         1

        CLASS   ABS1           

        CLASS   BIGRAM         

        CLASS   RAM            

        CLASS   BANK0          
                dataBANK0                            80       80       53         1
                bssBANK0                             D3       D3       2A         1

        CLASS   BANK1          
                dataBANK1                           100      100       4A         1

        CLASS   BANK2          

        CLASS   BANK3          

        CLASS   BANK4          

        CLASS   BANK5          

        CLASS   BANK6          

        CLASS   BANK7          

        CLASS   BANK8          

        CLASS   BANK9          

        CLASS   BANK10         

        CLASS   BANK11         

        CLASS   BANK12         

        CLASS   BANK13         

        CLASS   BANK14         

        CLASS   BANK15         

        CLASS   SFR            

        CLASS   BIGSFR         

        CLASS   CONFIG         
                config                           300000   300000        E         4

        CLASS   IDLOC          
                idloc                            200000   200000        8         5

        CLASS   EEDATA         

        CLASS   FARRAM         

        CLASS   HEAP           

        CLASS   STACK          



SEGMENTS        Name                           Load    Length   Top    Selector   Space  Class

                reset_vec                      000000  000004  000004         0       0  CODE    
                cstackCOMRAM                   000001  00007E  00007F         1       1  COMRAM  
                intcode                        000008  00000A  000012         4       0  CODE    
                dataBANK0                      000080  00007D  0000FD        80       1  BANK0   
                dataBANK1                      000100  00004A  00014A       100       1  BANK1   
                smallconst                     001000  000016  001016       800       0  SMALLCON
                text13                         001016  001249  00225F       80B       0  CODE    
                text7                          002260  000163  0023C3      1130       0  CODE    
                text15                         0023C4  000056  00241A      11E2       0  CODE    


UNUSED ADDRESS RANGES

        Name                Unused          Largest block    Delta
        BANK0            0000FD-0000FF                3
        BANK1            00014A-0001FF               B6
        BANK10           000A00-000AFF              100
        BANK11           000B00-000BFF              100
        BANK12           000C00-000CFF              100
        BANK13           000D00-000DFF              100
        BANK14           000E00-000EFF              100
        BANK15           000F00-000F7F               80
        BANK2            000200-0002FF              100
        BANK3            000300-0003FF              100
        BANK4            000400-0004FF              100
        BANK5            000500-0005FF              100
        BANK6            000600-0006FF              100
        BANK7            000700-0007FF              100
        BANK8            000800-0008FF              100
        BANK9            000900-0009FF              100
        BIGRAM           00007F-00007F                1
                         0000FD-0000FF                3
                         00014A-000F7F              E36
        BIGSFR           000F80-000FFF               80
        CODE             000004-000007                4
                         000012-000FFF              FEE
                         00225F-00225F                1
                         0023C3-0023C3                1
                         00241A-00FFFF             DBE6
        COMRAM           00007F-00007F                1
        CONST            000004-000007                4
                         000012-000FFF              FEE
                         00225F-00225F                1
                         0023C3-0023C3                1
                         00241A-00FFFF             DBE6
        EEDATA           F00000-F003FF              400
        MEDIUMCONST      00225F-00225F                1
                         0023C3-0023C3                1
                         00241A-00FFFF             DBE6
        RAM              0000FD-0000FF                3
                         00014A-000F7F              100
        SFR              000F80-000FFF               80
        SMALLCONST       00225F-00225F                1
                         0023C3-0023C3                1
                         00241A-00FFFF              100

                                  Symbol Table

?___fladd                                     cstackCOMRAM 000029
?___fldiv                                     cstackCOMRAM 000010
?___fltol                                     cstackCOMRAM 000039
?___xxtofl                                    cstackCOMRAM 000002
CCP1_Capture_Mode_Read_Value@F3540            bssCOMRAM    00005B
I2C_Master_Mode_Clock_Configurations@i2c_obj  cstackCOMRAM 000043
I2C_Slave_Mode_Configurations@i2c_obj         cstackCOMRAM 000002
MSSP_I2C_Init@i2c_obj                         cstackCOMRAM 000047
MSSP_I2C_Interrupt_Configurations@i2c_obj     cstackCOMRAM 000002
MSSP_I2C_Master_Send_Start@i2c_obj            cstackCOMRAM 000002
MSSP_I2C_Master_Send_Start@ret                cstackCOMRAM 000004
MSSP_I2C_Master_Send_Stop@i2c_obj             cstackCOMRAM 000002
MSSP_I2C_Master_Send_Stop@ret                 cstackCOMRAM 000004
RB4_ISR@RB4_Source                            cstackCOMRAM 000001
RB5_ISR@RB5_Source                            cstackCOMRAM 000001
RB6_ISR@RB6_Source                            cstackCOMRAM 000001
RB7_ISR@RB7_Source                            cstackCOMRAM 000001
SPI_Master_Gpio_Cfg@F3533                     dataCOMRAM   000073
SPI_Master_Gpio_Cfg@F3535                     dataCOMRAM   000072
SPI_Master_Gpio_Cfg@F3537                     dataCOMRAM   000071
SPI_Slave_Gpio_Cfg@F3542                      dataCOMRAM   000070
SPI_Slave_Gpio_Cfg@F3544                      dataCOMRAM   00006F
SPI_Slave_Gpio_Cfg@F3546                      dataCOMRAM   00006E
SPI_Slave_Gpio_Cfg@F3548                      dataCOMRAM   00006D
_ADCON0bits                                   (abs)        000FC2
_ADCON1bits                                   (abs)        000FC1
_ADCON2bits                                   (abs)        000FC0
_ADC_ISR                                      text29       002414
_ADC_InterruptHandler                         bssCOMRAM    000061
_ADRESH                                       (abs)        000FC4
_ADRESL                                       (abs)        000FC3
_BAUDCONbits                                  (abs)        000FB8
_CCP1CONbits                                  (abs)        000FBD
_CCP1_ISR                                     text28       002410
_CCP1_InterruptHandler                        bssCOMRAM    00005F
_CCP2CONbits                                  (abs)        000FBA
_CCP2_ISR                                     text27       00240C
_CCP2_InterruptHandler                        bssCOMRAM    00005D
_CCPR1H                                       (abs)        000FBF
_CCPR1L                                       (abs)        000FBE
_CCPR2L                                       (abs)        000FBB
_EEADR                                        (abs)        000FA9
_EEADRH                                       (abs)        000FAA
_EECON1bits                                   (abs)        000FA6
_EECON2                                       (abs)        000FA7
_EEDATA                                       (abs)        000FA8
_EUSART_FramingErrorHandler                   bssBANK0     0000E1
_EUSART_OverrunErrorHandler                   bssBANK0     0000DF
_EUSART_RxInterruptHandler                    bssBANK0     0000E3
_EUSART_TxInterruptHandler                    bssBANK0     0000E5
_I2C_DefaultInterruptHandle                   bssBANK0     0000DB
_I2C_Master_Mode_Clock_Configurations         text9        002046
_I2C_Report_Receive_Overflow_InterruptHandle  bssBANK0     0000D9
_I2C_Report_Write_Collision_InterruptHandler  bssBANK0     0000DD
_I2C_Slave_Mode_Configurations                text8        00232E
_INT0_ISR                                     text26       002408
_INT0_InterruptHandler                        bssCOMRAM    000059
_INT1_ISR                                     text25       002404
_INT1_InterruptHandler                        bssCOMRAM    000057
_INT2_ISR                                     text24       002400
_INT2_InterruptHandler                        bssCOMRAM    000055
_INTCON2bits                                  (abs)        000FF1
_INTCON3bits                                  (abs)        000FF0
_INTCONbits                                   (abs)        000FF2
_InterruptManager                             intcode      000008
_LATA                                         (abs)        000F89
_LATB                                         (abs)        000F8A
_LATC                                         (abs)        000F8B
_LATD                                         (abs)        000F8C
_LATE                                         (abs)        000F8D
_MSSP_I2C_Init                                text5        001DFA
_MSSP_I2C_Interrupt_Configurations            text7        002260
_MSSP_I2C_Master_Send_Start                   text4        0022EC
_MSSP_I2C_Master_Send_Stop                    text3        0022AA
_MSSP_I2C_Mode_GPIO_CFG                       text6        0023F6
_MSSP_SPI_ISR                                 text23       0023FC
_PIE1bits                                     (abs)        000F9D
_PIE2bits                                     (abs)        000FA0
_PIR1bits                                     (abs)        000F9E
_PIR2bits                                     (abs)        000FA1
_PORTA                                        (abs)        000F80
_PORTB                                        (abs)        000F81
_PORTBbits                                    (abs)        000F81
_PORTC                                        (abs)        000F82
_PORTD                                        (abs)        000F83
_PORTE                                        (abs)        000F84
_PR2                                          (abs)        000FCB
_RB4_Flag                                     dataCOMRAM   000077
_RB4_ISR                                      text22       002398
_RB4_InterruptHandler_HIGH                    bssCOMRAM    000053
_RB4_InterruptHandler_LOW                     bssCOMRAM    000051
_RB5_Flag                                     dataCOMRAM   000076
_RB5_ISR                                      text21       00237E
_RB5_InterruptHandler_HIGH                    bssBANK0     0000FB
_RB5_InterruptHandler_LOW                     bssBANK0     0000F9
_RB6_Flag                                     dataCOMRAM   000075
_RB6_ISR                                      text20       002364
_RB6_InterruptHandler_HIGH                    bssBANK0     0000F7
_RB6_InterruptHandler_LOW                     bssBANK0     0000F5
_RB7_Flag                                     dataCOMRAM   000074
_RB7_ISR                                      text19       00234A
_RB7_InterruptHandler_HIGH                    bssBANK0     0000F3
_RB7_InterruptHandler_LOW                     bssBANK0     0000F1
_RCREG                                        (abs)        000FAE
_RCSTAbits                                    (abs)        000FAB
_SPBRG                                        (abs)        000FAF
_SPBRGH                                       (abs)        000FB0
_SPI_InterruptHandler                         bssBANK0     0000EF
_SSPADD                                       (abs)        000FC8
_SSPBUF                                       (abs)        000FC9
_SSPCON1bits                                  (abs)        000FC6
_SSPCON2bits                                  (abs)        000FC5
_SSPSTATbits                                  (abs)        000FC7
_T0CONbits                                    (abs)        000FD5
_T1CONbits                                    (abs)        000FCD
_T2CONbits                                    (abs)        000FCA
_T3CONbits                                    (abs)        000FB1
_TMR0H                                        (abs)        000FD7
_TMR0L                                        (abs)        000FD6
_TMR0_ISR                                     text18       0023DC
_TMR0_InterruptHandler                        bssBANK0     0000ED
_TMR1H                                        (abs)        000FCF
_TMR1L                                        (abs)        000FCE
_TMR1_ISR                                     text17       0023D0
_TMR1_InterruptHandler                        bssBANK0     0000EB
_TMR2                                         (abs)        000FCC
_TMR2_ISR                                     text16       0023E8
_TMR2_InterruptHandler                        bssBANK0     0000E9
_TMR3H                                        (abs)        000FB3
_TMR3L                                        (abs)        000FB2
_TMR3_ISR                                     text15       0023C4
_TMR3_InterruptHandler                        bssBANK0     0000E7
_TRISA                                        (abs)        000F92
_TRISB                                        (abs)        000F93
_TRISC                                        (abs)        000F94
_TRISCbits                                    (abs)        000F94
_TRISD                                        (abs)        000F95
_TRISE                                        (abs)        000F96
_TXREG                                        (abs)        000FAD
_TXSTAbits                                    (abs)        000FAC
__HRAM                                        (abs)        000000
__Habs1                                       abs1         000000
__Hbank0                                      bank0        000000
__Hbank1                                      bank1        000000
__Hbank10                                     bank10       000000
__Hbank11                                     bank11       000000
__Hbank12                                     bank12       000000
__Hbank13                                     bank13       000000
__Hbank14                                     bank14       000000
__Hbank15                                     bank15       000000
__Hbank2                                      bank2        000000
__Hbank3                                      bank3        000000
__Hbank4                                      bank4        000000
__Hbank5                                      bank5        000000
__Hbank6                                      bank6        000000
__Hbank7                                      bank7        000000
__Hbank8                                      bank8        000000
__Hbank9                                      bank9        000000
__Hbigbss                                     bigbss       000000
__Hbigdata                                    bigdata      000000
__Hbigram                                     bigram       000000
__Hbigsfr                                     bigsfr       000000
__Hbss                                        bss          000000
__HbssBANK0                                   bssBANK0     000000
__HbssCOMRAM                                  bssCOMRAM    000000
__Hcinit                                      cinit        000000
__Hclrtext                                    clrtext      000000
__Hcomram                                     comram       000000
__Hconfig                                     config       30000E
__Hconst                                      const        000000
__HcstackCOMRAM                               cstackCOMRAM 000000
__Hdata                                       data         000000
__HdataBANK0                                  dataBANK0    000000
__HdataBANK1                                  dataBANK1    000000
__HdataCOMRAM                                 dataCOMRAM   000000
__Heeprom_data                                eeprom_data  000000
__Hfarbss                                     farbss       000000
__Hfardata                                    fardata      000000
__Hheap                                       heap         000000
__Hibigdata                                   ibigdata     000000
__Hidata                                      idata        000000
__HidataBANK0                                 idataBANK0   000000
__HidataBANK1                                 idataBANK1   000000
__HidataCOMRAM                                idataCOMRAM  000000
__Hidloc                                      idloc        200008
__Hifardata                                   ifardata     000000
__Hinit                                       init         000012
__Hintcode                                    intcode      00000E
__Hintcode_body                               intcode_body 000000
__Hintcodelo                                  intcodelo    00000E
__Hintentry                                   intentry     000000
__Hintret                                     intret       000000
__Hintsave_regs                               intsave_regs 000000
__Hirdata                                     irdata       000000
__Hmediumconst                                mediumconst  000000
__HnvFARRAM                                   nvFARRAM     000000
__Hnvbit                                      nvbit        000000
__Hnvrram                                     nvrram       000000
__Hparam                                      rparam       000000
__Hpowerup                                    powerup      00000E
__Hram                                        ram          000000
__Hramtop                                     ramtop       001000
__Hrbit                                       rbit         000000
__Hrbss                                       rbss         000000
__Hrdata                                      rdata        000000
__Hreset_vec                                  reset_vec    000004
__Hrparam                                     rparam       000000
__Hsfr                                        sfr          000000
__Hsmallconst                                 smallconst   001016
__Hspace_0                                    (abs)        00241A
__Hspace_1                                    (abs)        00014A
__Hspace_2                                    (abs)        000000
__Hspace_4                                    (abs)        60000E
__Hstack                                      stack        000000
__Hstruct                                     struct       000000
__Htemp                                       temp         00007F
__Htext                                       text         000000
__Htext0                                      text0        000000
__Htext1                                      text1        000000
__Htext10                                     text10       000000
__Htext11                                     text11       000000
__Htext12                                     text12       000000
__Htext13                                     text13       000000
__Htext15                                     text15       000000
__Htext16                                     text16       000000
__Htext17                                     text17       000000
__Htext18                                     text18       000000
__Htext19                                     text19       000000
__Htext2                                      text2        000000
__Htext20                                     text20       000000
__Htext21                                     text21       000000
__Htext22                                     text22       000000
__Htext23                                     text23       000000
__Htext24                                     text24       000000
__Htext25                                     text25       000000
__Htext26                                     text26       000000
__Htext27                                     text27       000000
__Htext28                                     text28       000000
__Htext29                                     text29       000000
__Htext3                                      text3        000000
__Htext4                                      text4        000000
__Htext5                                      text5        000000
__Htext6                                      text6        000000
__Htext7                                      text7        000000
__Htext8                                      text8        000000
__Htext9                                      text9        000000
__LRAM                                        (abs)        000001
__Labs1                                       abs1         000000
__Lbank0                                      bank0        000000
__Lbank1                                      bank1        000000
__Lbank10                                     bank10       000000
__Lbank11                                     bank11       000000
__Lbank12                                     bank12       000000
__Lbank13                                     bank13       000000
__Lbank14                                     bank14       000000
__Lbank15                                     bank15       000000
__Lbank2                                      bank2        000000
__Lbank3                                      bank3        000000
__Lbank4                                      bank4        000000
__Lbank5                                      bank5        000000
__Lbank6                                      bank6        000000
__Lbank7                                      bank7        000000
__Lbank8                                      bank8        000000
__Lbank9                                      bank9        000000
__Lbigbss                                     bigbss       000000
__Lbigdata                                    bigdata      000000
__Lbigram                                     bigram       000000
__Lbigsfr                                     bigsfr       000000
__Lbss                                        bss          000000
__LbssBANK0                                   bssBANK0     000000
__LbssCOMRAM                                  bssCOMRAM    000000
__Lcinit                                      cinit        000000
__Lclrtext                                    clrtext      000000
__Lcomram                                     comram       000000
__Lconfig                                     config       000000
__Lconst                                      const        000000
__LcstackCOMRAM                               cstackCOMRAM 000000
__Ldata                                       data         000000
__LdataBANK0                                  dataBANK0    000000
__LdataBANK1                                  dataBANK1    000000
__LdataCOMRAM                                 dataCOMRAM   000000
__Leeprom_data                                eeprom_data  000000
__Lfarbss                                     farbss       000000
__Lfardata                                    fardata      000000
__Lheap                                       heap         000000
__Libigdata                                   ibigdata     000000
__Lidata                                      idata        000000
__LidataBANK0                                 idataBANK0   000000
__LidataBANK1                                 idataBANK1   000000
__LidataCOMRAM                                idataCOMRAM  000000
__Lidloc                                      idloc        000000
__Lifardata                                   ifardata     000000
__Linit                                       init         00000E
__Lintcode                                    intcode      000008
__Lintcode_body                               intcode_body 000000
__Lintcodelo                                  intcodelo    00000E
__Lintentry                                   intentry     000000
__Lintret                                     intret       000000
__Lintsave_regs                               intsave_regs 000000
__Lirdata                                     irdata       000000
__Lmediumconst                                mediumconst  000000
__LnvFARRAM                                   nvFARRAM     000000
__Lnvbit                                      nvbit        000000
__Lnvrram                                     nvrram       000000
__Lparam                                      rparam       000000
__Lpowerup                                    powerup      00000E
__Lram                                        ram          000000
__Lramtop                                     ramtop       001000
__Lrbit                                       rbit         000000
__Lrbss                                       rbss         000000
__Lrdata                                      rdata        000000
__Lreset_vec                                  reset_vec    000000
__Lrparam                                     rparam       000000
__Lsfr                                        sfr          000000
__Lsmallconst                                 smallconst   001000
__Lspace_0                                    (abs)        000000
__Lspace_1                                    (abs)        000000
__Lspace_2                                    (abs)        000000
__Lspace_4                                    (abs)        000000
__Lstack                                      stack        000000
__Lstruct                                     struct       000000
__Ltemp                                       temp         00007E
__Ltext                                       text         000000
__Ltext0                                      text0        000000
__Ltext1                                      text1        000000
__Ltext10                                     text10       000000
__Ltext11                                     text11       000000
__Ltext12                                     text12       000000
__Ltext13                                     text13       000000
__Ltext15                                     text15       000000
__Ltext16                                     text16       000000
__Ltext17                                     text17       000000
__Ltext18                                     text18       000000
__Ltext19                                     text19       000000
__Ltext2                                      text2        000000
__Ltext20                                     text20       000000
__Ltext21                                     text21       000000
__Ltext22                                     text22       000000
__Ltext23                                     text23       000000
__Ltext24                                     text24       000000
__Ltext25                                     text25       000000
__Ltext26                                     text26       000000
__Ltext27                                     text27       000000
__Ltext28                                     text28       000000
__Ltext29                                     text29       000000
__Ltext3                                      text3        000000
__Ltext4                                      text4        000000
__Ltext5                                      text5        000000
__Ltext6                                      text6        000000
__Ltext7                                      text7        000000
__Ltext8                                      text8        000000
__Ltext9                                      text9        000000
__S0                                          (abs)        00241A
__S1                                          (abs)        00014A
__S4                                          (abs)        000000
__S5                                          (abs)        000000
___fladd                                      text13       001016
___fladd@a                                    cstackCOMRAM 00002D
___fladd@aexp                                 cstackCOMRAM 000036
___fladd@b                                    cstackCOMRAM 000029
___fladd@bexp                                 cstackCOMRAM 000037
___fladd@grs                                  cstackCOMRAM 000038
___fladd@signs                                cstackCOMRAM 000035
___fldiv                                      text12       0018AC
___fldiv@a                                    cstackCOMRAM 000014
___fldiv@aexp                                 cstackCOMRAM 000028
___fldiv@b                                    cstackCOMRAM 000010
___fldiv@bexp                                 cstackCOMRAM 000027
___fldiv@grs                                  cstackCOMRAM 000023
___fldiv@new_exp                              cstackCOMRAM 000021
___fldiv@rem                                  cstackCOMRAM 00001C
___fldiv@sign                                 cstackCOMRAM 000020
___fltol                                      text11       001F40
___fltol@exp1                                 cstackCOMRAM 000042
___fltol@f1                                   cstackCOMRAM 000039
___fltol@sign1                                cstackCOMRAM 000041
___heap_hi                                    (abs)        000000
___heap_lo                                    (abs)        000000
___inthi_sp                                   stack        000000
___intlo_sp                                   stack        000000
___param_bank                                 (abs)        000000
___rparam_used                                (abs)        000001
___sp                                         stack        000000
___xxtofl                                     text10       001C46
___xxtofl@arg                                 cstackCOMRAM 00000C
___xxtofl@exp                                 cstackCOMRAM 00000B
___xxtofl@sign                                cstackCOMRAM 00000A
___xxtofl@val                                 cstackCOMRAM 000002
__accesstop                                   (abs)        000080
__activetblptr                                (abs)        000003
__end_of_ADC_ISR                              text29       002418
__end_of_CCP1_ISR                             text28       002414
__end_of_CCP2_ISR                             text27       002410
__end_of_I2C_Master_Mode_Clock_Configurations text9        0020E4
__end_of_I2C_Slave_Mode_Configurations        text8        00234A
__end_of_INT0_ISR                             text26       00240C
__end_of_INT1_ISR                             text25       002408
__end_of_INT2_ISR                             text24       002404
__end_of_InterruptManager                     intcode_body 0018AC
__end_of_MSSP_I2C_Init                        text5        001F40
__end_of_MSSP_I2C_Interrupt_Configurations    text7        0022AA
__end_of_MSSP_I2C_Master_Send_Start           text4        00232E
__end_of_MSSP_I2C_Master_Send_Stop            text3        0022EC
__end_of_MSSP_I2C_Mode_GPIO_CFG               text6        0023FC
__end_of_MSSP_SPI_ISR                         text23       002400
__end_of_RB4_ISR                              text22       0023B2
__end_of_RB5_ISR                              text21       002398
__end_of_RB6_ISR                              text20       00237E
__end_of_RB7_ISR                              text19       002364
__end_of_TMR0_ISR                             text18       0023E8
__end_of_TMR1_ISR                             text17       0023DC
__end_of_TMR2_ISR                             text16       0023F0
__end_of_TMR3_ISR                             text15       0023D0
__end_of___fladd                              text13       0014D6
__end_of___fldiv                              text12       001C46
__end_of___fltol                              text11       002046
__end_of___xxtofl                             text10       001DFA
__end_of__initialization                      cinit        00215C
__end_of_application_intialize                text1        0023F6
__end_of_btn_values                           smallconst   001011
__end_of_ecu_layer_intialize                  text2        00241A
__end_of_main                                 text0        0021C2
__initialization                              cinit        0020E4
__mediumconst                                 mediumconst  000000
__pbssBANK0                                   bssBANK0     0000D3
__pbssCOMRAM                                  bssCOMRAM    00004B
__pcinit                                      cinit        0020E4
__pcstackCOMRAM                               cstackCOMRAM 000001
__pdataBANK0                                  dataBANK0    000080
__pdataBANK1                                  dataBANK1    000100
__pdataCOMRAM                                 dataCOMRAM   00006D
__pidataBANK0                                 idataBANK0   0021C2
__pidataBANK1                                 idataBANK1   002215
__pidataCOMRAM                                idataCOMRAM  0023B2
__pin_config                                  dataCOMRAM   00007D
__pintcode                                    intcode      000008
__pintcode_body                               intcode_body 0014D6
__psmallconst                                 smallconst   001000
__ptext0                                      text0        002166
__ptext1                                      text1        0023F0
__ptext10                                     text10       001C46
__ptext11                                     text11       001F40
__ptext12                                     text12       0018AC
__ptext13                                     text13       001016
__ptext15                                     text15       0023C4
__ptext16                                     text16       0023E8
__ptext17                                     text17       0023D0
__ptext18                                     text18       0023DC
__ptext19                                     text19       00234A
__ptext2                                      text2        002418
__ptext20                                     text20       002364
__ptext21                                     text21       00237E
__ptext22                                     text22       002398
__ptext23                                     text23       0023FC
__ptext24                                     text24       002400
__ptext25                                     text25       002404
__ptext26                                     text26       002408
__ptext27                                     text27       00240C
__ptext28                                     text28       002410
__ptext29                                     text29       002414
__ptext3                                      text3        0022AA
__ptext4                                      text4        0022EC
__ptext5                                      text5        001DFA
__ptext6                                      text6        0023F6
__ptext7                                      text7        002260
__ptext8                                      text8        00232E
__ptext9                                      text9        002046
__ramtop                                      ramtop       001000
__relay                                       dataCOMRAM   000078
__smallconst                                  smallconst   001000
_application_intialize                        text1        0023F0
_ball                                         dataBANK1    000112
_btn1                                         dataBANK0    0000C1
_cross_bar1                                   dataBANK0    0000AE
_cross_bar2                                   dataBANK0    0000A6
_cross_bar3                                   dataBANK0    00009E
_cross_bar4                                   dataBANK1    000142
_dc_motor_1                                   dataBANK0    0000C4
_ecu_layer_intialize                          text2        002418
_goal                                         dataBANK1    00011A
_i2c_obj                                      dataBANK0    0000C6
_keypad1                                      dataBANK1    00010A
_killer                                       dataBANK1    00012A
_lat_registers                                dataBANK0    00008A
_lcd_1                                        dataBANK0    0000B6
_lcd_2                                        dataBANK1    000100
_led1                                         dataCOMRAM   00007C
_led2                                         dataCOMRAM   00007B
_led3                                         dataCOMRAM   00007A
_led4                                         dataCOMRAM   000079
_main                                         text0        002166
_messi                                        dataBANK1    000122
_port_registers                               dataBANK0    000080
_seg1                                         dataBANK0    0000BC
_slave_ack                                    bssCOMRAM    000063
_timer0_preload                               bssCOMRAM    00004F
_timer1_preload                               bssCOMRAM    00004D
_timer2_preload                               bssCOMRAM    000064
_timer3_preload                               bssCOMRAM    00004B
_tris_registers                               dataBANK0    000094
_zizo                                         dataBANK1    00013A
_zizo_dead                                    dataBANK1    000132
btemp                                         temp         00007E
end_of_initialization                         cinit        00215C
int$flags                                     temp         00007E
int_func                                      intcode_body 0014D6
intlevel0                                     text         000000
intlevel1                                     text         000000
intlevel2                                     text         000000
intlevel3                                     text         000000
isa$std                                       (abs)        000001
isa$xinst                                     (abs)        000000
led_initialize@F3474                          bssCOMRAM    00006C
led_turn_off@F3484                            bssCOMRAM    00006A
led_turn_on@F3479                             bssCOMRAM    00006B
led_turn_toggle@F3489                         bssCOMRAM    000069
relay_initialize@F3470                        bssCOMRAM    000068
relay_toggle@F3485                            bssCOMRAM    000065
relay_turn_off@F3480                          bssCOMRAM    000066
relay_turn_on@F3475                           bssCOMRAM    000067
stackhi                                       (abs)        000000
stacklo                                       (abs)        000000
start                                         init         00000E
start_initialization                          cinit        0020E4
ttemp5                                        temp         00007F
ttemp6                                        temp         000082
ttemp7                                        temp         000086
wtemp8                                        temp         00007F


MODULE INFORMATION

Module		Function		Class		Link	Load	Size
C:\Program Files\Microchip\xc8\v2.40\pic\sources\c99\common\sprcdiv.c
		___fldiv       		CODE           	18AC	0000	922

C:\Program Files\Microchip\xc8\v2.40\pic\sources\c99\common\sprcdiv.c estimated size: 922

C:\Program Files\Microchip\xc8\v2.40\pic\sources\c99\common\fltol.c
		___fltol       		CODE           	1F40	0000	262

C:\Program Files\Microchip\xc8\v2.40\pic\sources\c99\common\fltol.c estimated size: 262

MCAL_Layer/SPI/hal_spi.c
		_MSSP_SPI_ISR  		CODE           	23FC	0000	4

MCAL_Layer/SPI/hal_spi.c estimated size: 4

C:\Program Files\Microchip\xc8\v2.40\pic\sources\c99\common\sprcadd.c
		___fladd       		CODE           	1016	0000	1216

C:\Program Files\Microchip\xc8\v2.40\pic\sources\c99\common\sprcadd.c estimated size: 1216

MCAL_Layer/I2C/hal_i2c.c
		_MSSP_I2C_Init 		CODE           	1DFA	0000	326
		_MSSP_I2C_Master_Send_Stop		CODE           	22AA	0000	66
		_MSSP_I2C_Master_Send_Start		CODE           	22EC	0000	66
		_MSSP_I2C_Interrupt_Configurations		CODE           	2260	0000	74
		_I2C_Slave_Mode_Configurations		CODE           	232E	0000	28
		_I2C_Master_Mode_Clock_Configurations		CODE           	2046	0000	158
		_MSSP_I2C_Mode_GPIO_CFG		CODE           	23F6	0000	6

MCAL_Layer/I2C/hal_i2c.c estimated size: 724

C:\Program Files\Microchip\xc8\v2.40\pic\sources\c99\common\xxtofl.c
		___xxtofl      		CODE           	1C46	0000	436

C:\Program Files\Microchip\xc8\v2.40\pic\sources\c99\common\xxtofl.c estimated size: 436

shared
		_btn_values    		SMALLCONST     	0000	0000	0
		__initialization		CODE           	20E4	0000	120

shared estimated size: 120

MCAL_Layer/Interrupt/mcal_external_interrupt.c
		_RB4_ISR       		CODE           	2398	0000	26
		_RB5_ISR       		CODE           	237E	0000	26
		_RB6_ISR       		CODE           	2364	0000	26
		_RB7_ISR       		CODE           	234A	0000	26
		_INT0_ISR      		CODE           	2408	0000	4
		_INT1_ISR      		CODE           	2404	0000	4
		_INT2_ISR      		CODE           	2400	0000	4

MCAL_Layer/Interrupt/mcal_external_interrupt.c estimated size: 116

MCAL_Layer/ADC/hal_adc.c
		_ADC_ISR       		CODE           	2414	0000	4

MCAL_Layer/ADC/hal_adc.c estimated size: 4

MCAL_Layer/Interrupt/mcal_interrupt_manager.c
		_InterruptManager		CODE           	0008	0000	988

MCAL_Layer/Interrupt/mcal_interrupt_manager.c estimated size: 988

ECU_Layer/ecu_layer_init.c
		_ecu_layer_intialize		CODE           	2418	0000	2

ECU_Layer/ecu_layer_init.c estimated size: 2

application.c
		_main          		CODE           	2166	0000	92
		_application_intialize		CODE           	23F0	0000	6

application.c estimated size: 98

MCAL_Layer/Timer3/hal_timer3.c
		_TMR3_ISR      		CODE           	23C4	0000	12

MCAL_Layer/Timer3/hal_timer3.c estimated size: 12

MCAL_Layer/Timer2/hal_timer2.c
		_TMR2_ISR      		CODE           	23E8	0000	8

MCAL_Layer/Timer2/hal_timer2.c estimated size: 8

MCAL_Layer/Timer1/hal_timer1.c
		_TMR1_ISR      		CODE           	23D0	0000	12

MCAL_Layer/Timer1/hal_timer1.c estimated size: 12

MCAL_Layer/Timer0/hal_timer0.c
		_TMR0_ISR      		CODE           	23DC	0000	12

MCAL_Layer/Timer0/hal_timer0.c estimated size: 12

MCAL_Layer/CCP/hal_ccp.c
		_CCP1_ISR      		CODE           	2410	0000	4
		_CCP2_ISR      		CODE           	240C	0000	4

MCAL_Layer/CCP/hal_ccp.c estimated size: 8

