Microchip MPLAB XC8 Compiler V2.40

Linker command line:

-W-3 \
  --edf=C:\Program Files\Microchip\xc8\v2.40\pic\dat\20220703182018_en.msgs \
  -cn -h+dist/default/production\smart_home.X.production.sym \
  --cmf=dist/default/production\smart_home.X.production.cmf -z -Q18F46K20 \
  -oC:\Users\DELL\AppData\Local\Temp\xcAsfb4.4 --defsym=__MPLAB_BUILD=1 \
  --fixupoverflow=error \
  -Mdist/default/production/smart_home.X.production.map \
  --md=C:\Users\DELL\AppData\Local\Temp\xcAsfb4.dat -E1 -ver=XC8 Compiler \
  --acfsm=1493 -ACODE=00h-0FFFFh -ACONST=00h-0FFFFh \
  -ASMALLCONST=01000h-010FFhx240 -AMEDIUMCONST=01000h-0FFFFh \
  -ACOMRAM=01h-05Fh -AABS1=00h-0F5Fh -ABIGRAM=01h-0F5Fh \
  -ARAM=060h-0FFh,0100h-01FFhx14,0F00h-0F5Fh -ABANK0=060h-0FFh \
  -ABANK1=0100h-01FFh -ABANK2=0200h-02FFh -ABANK3=0300h-03FFh \
  -ABANK4=0400h-04FFh -ABANK5=0500h-05FFh -ABANK6=0600h-06FFh \
  -ABANK7=0700h-07FFh -ABANK8=0800h-08FFh -ABANK9=0900h-09FFh \
  -ABANK10=0A00h-0AFFh -ABANK11=0B00h-0BFFh -ABANK12=0C00h-0CFFh \
  -ABANK13=0D00h-0DFFh -ABANK14=0E00h-0EFFh -ABANK15=0F00h-0F5Fh \
  -ASFR=0F60h-0FFFh -ABIGSFR=0F60h-0FFFh -ACONFIG=0300000h-030000Dh \
  -AIDLOC=0200000h-0200007h -AEEDATA=0F00000h-0F003FFh -peeprom_data=EEDATA \
  -preset_vec=00h,intcode=08h,intcodelo,powerup,init -pramtop=01000h \
  -psmallconst=SMALLCONST -pmediumconst=MEDIUMCONST -pconst=CONST \
  -AFARRAM=00h-00h \
  -prdata=COMRAM,nvrram=COMRAM,nvbit=COMRAM,rbss=COMRAM,rbit=COMRAM \
  -pfarbss=FARRAM,fardata=FARRAM,nvFARRAM=FARRAM \
  -pintsave_regs=BIGRAM,bigbss=BIGRAM,bigdata=BIGRAM -pbss=RAM \
  -pidata=CODE,irdata=CODE,ibigdata=CODE,ifardata=CODE -prparam=COMRAM \
  C:\Users\DELL\AppData\Local\Temp\xcAsfb4.o \
  dist/default/production\smart_home.X.production.o 

Object code version is 3.11

Machine type is 18F46K20



                Name                               Link     Load   Length Selector   Space Scale
C:\Users\DELL\AppData\Local\Temp\xcAsfb4.o
                idloc                            200000   200000        8        0       5
                config                           300000   300000        E        0       4
                init                                 B6       B6        4        4       0
                reset_vec                             0        0        4        0       0
dist/default/production\smart_home.X.production.o
                intcode                               8        8       AE        4       0
                idloc                            200000   200000        8        0       5
                config                           300000   300000        E        0       4
                temp                                 50       50        1        1       1
                smallconst                         1000     1000       3A      800       0
                text72                             1BAA     1BAA        4      81D       0
                text71                             1BA6     1BA6        4      81D       0
                text70                             19AA     19AA       22      81D       0
                text69                             150C     150C       7A      81D       0
                text68                             1A2C     1A2C       18      81D       0
                text67                             18EE     18EE       2C      81D       0
                text66                             1BA2     1BA2        4      81D       0
                text65                             1B9E     1B9E        4      81D       0
                text64                             18C2     18C2       2C      81D       0
                text63                             1896     1896       2C      81D       0
                text62                             186A     186A       2C      81D       0
                text61                             177E     177E       40      81D       0
                text60                             1B9A     1B9A        4      81D       0
                text59                             1B74     1B74        6      81D       0
                text58                             1B96     1B96        4      81D       0
                text57                             1B6E     1B6E        6      81D       0
                text56                             1B60     1B60        8      81D       0
                text55                             1A9A     1A9A       14      81D       0
                text54                             1B92     1B92        4      81D       0
                text53                             1492     1492       7A      81D       0
                text52                             1B0E     1B0E        A      81D       0
                text51                             1AAE     1AAE        E      81D       0
                text50                             1ABC     1ABC        C      81D       0
                text49                             103A     103A       BE      81D       0
                text48                             1258     1258       A4      81D       0
                text47                             1B04     1B04        A      81D       0
                text46                             1B58     1B58        8      81D       0
                text45                             1B50     1B50        8      81D       0
                text44                             1B48     1B48        8      81D       0
                text43                             1B40     1B40        8      81D       0
                text42                             1B38     1B38        8      81D       0
                text41                             1B30     1B30        8      81D       0
                text40                             1B28     1B28        8      81D       0
                text39                             1AFA     1AFA        A      81D       0
                text38                             1660     1660       64      81D       0
                text37                             1B8E     1B8E        4      81D       0
                text36                             15F8     15F8       68      81D       0
                text35                             1B68     1B68        6      81D       0
                text33                             1B8A     1B8A        4      81D       0
                text32                             1B86     1B86        4      81D       0
                text31                             1B82     1B82        4      81D       0
                text30                             191A     191A       2A      81D       0
                text29                             1B7E     1B7E        4      81D       0
                text28                             17FC     17FC       3E      81D       0
                text27                             1B20     1B20        8      81D       0
                text26                             1B7A     1B7A        4      81D       0
                text25                             1988     1988       22      81D       0
                text24                             1AF0     1AF0        A      81D       0
                text23                             12FC     12FC       9C      81D       0
                text22                             1418     1418       7A      81D       0
                text21                             1A14     1A14       18      81D       0
                text20                             1966     1966       22      81D       0
                text19                             19FC     19FC       18      81D       0
                text18                             1398     1398       80      81D       0
                text17                             19E4     19E4       18      81D       0
                text16                             1586     1586       72      81D       0
                text15                             1A70     1A70       16      81D       0
                text14                             1A5A     1A5A       16      81D       0
                text13                             16C4     16C4       5E      81D       0
                text12                             11B4     11B4       A4      81D       0
                text11                             1722     1722       5C      81D       0
                text10                             1AE6     1AE6        A      81D       0
                text9                              1ADC     1ADC        A      81D       0
                text8                              1AD2     1AD2        A      81D       0
                text7                              17BE     17BE       3E      81D       0
                text6                              1A86     1A86       14      81D       0
                text5                              1B18     1B18        8      81D       0
                text4                              1AC8     1AC8        A      81D       0
                text3                              183A     183A       30      81D       0
                text2                              1A44     1A44       16      81D       0
                text1                              19CC     19CC       18      81D       0
                text0                              10F8     10F8       BC      81D       0
                cstackCOMRAM                         37       37       15        1       1
                cstackBANK0                          72       72        E       60       1
                bssBANK0                             60       60       12       60       1
                bssCOMRAM                             1        1       36        1       1
                cinit                              1944     1944       22      81D       0
                nvBANK0                              80       80        2       60       1
                nvCOMRAM                             4C       4C        4        1       1

TOTAL           Name                               Link     Load   Length     Space
        CLASS   CODE           
                intcode                               8        8       AE         0
                init                                 B6       B6        4         0
                reset_vec                             0        0        4         0
                text72                             1BAA     1BAA        4         0
                text71                             1BA6     1BA6        4         0
                text70                             19AA     19AA       22         0
                text69                             150C     150C       7A         0
                text68                             1A2C     1A2C       18         0
                text67                             18EE     18EE       2C         0
                text66                             1BA2     1BA2        4         0
                text65                             1B9E     1B9E        4         0
                text64                             18C2     18C2       2C         0
                text63                             1896     1896       2C         0
                text62                             186A     186A       2C         0
                text61                             177E     177E       40         0
                text60                             1B9A     1B9A        4         0
                text59                             1B74     1B74        6         0
                text58                             1B96     1B96        4         0
                text57                             1B6E     1B6E        6         0
                text56                             1B60     1B60        8         0
                text55                             1A9A     1A9A       14         0
                text54                             1B92     1B92        4         0
                text53                             1492     1492       7A         0
                text52                             1B0E     1B0E        A         0
                text51                             1AAE     1AAE        E         0
                text50                             1ABC     1ABC        C         0
                text49                             103A     103A       BE         0
                text48                             1258     1258       A4         0
                text47                             1B04     1B04        A         0
                text46                             1B58     1B58        8         0
                text45                             1B50     1B50        8         0
                text44                             1B48     1B48        8         0
                text43                             1B40     1B40        8         0
                text42                             1B38     1B38        8         0
                text41                             1B30     1B30        8         0
                text40                             1B28     1B28        8         0
                text39                             1AFA     1AFA        A         0
                text38                             1660     1660       64         0
                text37                             1B8E     1B8E        4         0
                text36                             15F8     15F8       68         0
                text35                             1B68     1B68        6         0
                text33                             1B8A     1B8A        4         0
                text32                             1B86     1B86        4         0
                text31                             1B82     1B82        4         0
                text30                             191A     191A       2A         0
                text29                             1B7E     1B7E        4         0
                text28                             17FC     17FC       3E         0
                text27                             1B20     1B20        8         0
                text26                             1B7A     1B7A        4         0
                text25                             1988     1988       22         0
                text24                             1AF0     1AF0        A         0
                text23                             12FC     12FC       9C         0
                text22                             1418     1418       7A         0
                text21                             1A14     1A14       18         0
                text20                             1966     1966       22         0
                text19                             19FC     19FC       18         0
                text18                             1398     1398       80         0
                text17                             19E4     19E4       18         0
                text16                             1586     1586       72         0
                text15                             1A70     1A70       16         0
                text14                             1A5A     1A5A       16         0
                text13                             16C4     16C4       5E         0
                text12                             11B4     11B4       A4         0
                text11                             1722     1722       5C         0
                text10                             1AE6     1AE6        A         0
                text9                              1ADC     1ADC        A         0
                text8                              1AD2     1AD2        A         0
                text7                              17BE     17BE       3E         0
                text6                              1A86     1A86       14         0
                text5                              1B18     1B18        8         0
                text4                              1AC8     1AC8        A         0
                text3                              183A     183A       30         0
                text2                              1A44     1A44       16         0
                text1                              19CC     19CC       18         0
                text0                              10F8     10F8       BC         0
                cinit                              1944     1944       22         0

        CLASS   CONST          

        CLASS   SMALLCONST     
                smallconst                         1000     1000       3A         0

        CLASS   MEDIUMCONST    

        CLASS   COMRAM         
                temp                                 50       50        1         1
                cstackCOMRAM                         37       37       15         1
                bssCOMRAM                             1        1       36         1
                nvCOMRAM                             4C       4C        4         1

        CLASS   ABS1           

        CLASS   BIGRAM         

        CLASS   RAM            

        CLASS   BANK0          
                cstackBANK0                          72       72        E         1
                bssBANK0                             60       60       12         1
                nvBANK0                              80       80        2         1

        CLASS   BANK1          

        CLASS   BANK2          

        CLASS   BANK3          

        CLASS   BANK4          

        CLASS   BANK5          

        CLASS   BANK6          

        CLASS   BANK7          

        CLASS   BANK8          

        CLASS   BANK9          

        CLASS   BANK10         

        CLASS   BANK11         

        CLASS   BANK12         

        CLASS   BANK13         

        CLASS   BANK14         

        CLASS   BANK15         

        CLASS   SFR            

        CLASS   BIGSFR         

        CLASS   CONFIG         
                config                           300000   300000        E         4

        CLASS   IDLOC          
                idloc                            200000   200000        8         5

        CLASS   EEDATA         

        CLASS   FARRAM         

        CLASS   HEAP           

        CLASS   STACK          



SEGMENTS        Name                           Load    Length   Top    Selector   Space  Class

                reset_vec                      000000  000004  000004         0       0  CODE    
                bssCOMRAM                      000001  000050  000051         1       1  COMRAM  
                intcode                        000008  0000B2  0000BA         4       0  CODE    
                bssBANK0                       000060  000022  000082        60       1  BANK0   
                smallconst                     001000  00003A  00103A       800       0  SMALLCON
                text49                         00103A  000B74  001BAE       81D       0  CODE    


UNUSED ADDRESS RANGES

        Name                Unused          Largest block    Delta
        BANK0            000082-0000FF               7E
        BANK1            000100-0001FF              100
        BANK10           000A00-000AFF              100
        BANK11           000B00-000BFF              100
        BANK12           000C00-000CFF              100
        BANK13           000D00-000DFF              100
        BANK14           000E00-000EFF              100
        BANK15           000F00-000F5F               60
        BANK2            000200-0002FF              100
        BANK3            000300-0003FF              100
        BANK4            000400-0004FF              100
        BANK5            000500-0005FF              100
        BANK6            000600-0006FF              100
        BANK7            000700-0007FF              100
        BANK8            000800-0008FF              100
        BANK9            000900-0009FF              100
        BIGRAM           000051-00005F                F
                         000082-000F5F              EDE
        BIGSFR           000F60-000FFF               A0
        CODE             000004-000007                4
                         0000BA-000FFF              F46
                         001BAE-00FFFF             E452
        COMRAM           000051-00005F                F
        CONST            000004-000007                4
                         0000BA-000FFF              F46
                         001BAE-00FFFF             E452
        EEDATA           F00000-F003FF              400
        MEDIUMCONST      001BAE-00FFFF             E452
        RAM              000082-000F5F              100
        SFR              000F60-000FFF               A0
        SMALLCONST       001BAE-00FFFF              100

                                  Symbol Table

?_RealTimeClockDS1307_Get_Date_Time               cstackBANK0  000078
EEPROM_24C02C_Read_Byte@Byte_Address              cstackBANK0  000078
EEPROM_24C02C_Read_Byte@EEPROM_Address            cstackBANK0  000079
EEPROM_24C02C_Read_Byte@RecValue                  cstackBANK0  00007A
EEPROM_24C02C_Write_Byte@Byte_Address             cstackBANK0  000078
EEPROM_24C02C_Write_Byte@Data                     cstackBANK0  000079
EEPROM_24C02C_Write_Byte@EEPROM_Address           cstackBANK0  00007A
EUSART_SetErrorHandler@interruptHandler           cstackCOMRAM 000046
EUSART_SetFramingErrorHandler@interruptHandler    cstackCOMRAM 000046
EUSART_SetOverrunErrorHandler@interruptHandler    cstackCOMRAM 000046
EUSART_Write@txData                               cstackCOMRAM 000046
I2C_Close@returnValue                             cstackCOMRAM 000046
I2C_MasterOperation@read                          cstackCOMRAM 000046
I2C_MasterOperation@returnValue                   cstackCOMRAM 000047
I2C_MasterSendTxData@data                         cstackCOMRAM 000037
I2C_Open@address                                  cstackCOMRAM 000048
I2C_Open@returnValue                              cstackCOMRAM 000049
I2C_Read1ByteRegister@address                     cstackBANK0  000076
I2C_Read1ByteRegister@reg                         cstackCOMRAM 00004B
I2C_Read1ByteRegister@returnValue                 cstackBANK0  000077
I2C_SetAddressNackCallback@cb                     cstackBANK0  000072
I2C_SetAddressNackCallback@ptr                    cstackBANK0  000074
I2C_SetBuffer@buffer                              cstackCOMRAM 000046
I2C_SetBuffer@bufferSize                          cstackCOMRAM 000048
I2C_SetCallback@cb                                cstackCOMRAM 000046
I2C_SetCallback@idx                               cstackCOMRAM 00004A
I2C_SetCallback@ptr                               cstackCOMRAM 000048
I2C_SetDataCompleteCallback@cb                    cstackBANK0  000072
I2C_SetDataCompleteCallback@ptr                   cstackBANK0  000074
I2C_SetInterruptHandler@InterruptHandler          cstackCOMRAM 000046
I2C_Write1ByteRegister@address                    cstackCOMRAM 00004B
I2C_Write1ByteRegister@data                       cstackBANK0  000077
I2C_Write1ByteRegister@reg                        cstackBANK0  000076
TempSensor_TC74_Read_Temp@TC74_Address            cstackBANK0  000078
TempSensor_TC74_Read_Temp@TC74_TempValue          cstackBANK0  000079
UART_LoggingDebugData_Send_String@String          cstackCOMRAM 000047
UART_LoggingDebugData_Send_String@String_Length   cstackCOMRAM 000049
UART_LoggingDebugData_Send_String@l_String_Length cstackBANK0  000072
_ANSEL                                            (abs)        000F7E
_ANSELH                                           (abs)        000F7F
_BAUDCON                                          (abs)        000FB8
_EEADR                                            (abs)        000FA9
_EEADRH                                           (abs)        000FAA
_EECON1bits                                       (abs)        000FA6
_EECON2                                           (abs)        000FA7
_EEDATA                                           (abs)        000FA8
_EEPROM_24C02C_Read_Byte                          text17       0019E4
_EEPROM_24C02C_Write_Byte                         text15       001A70
_EUSART_DefaultErrorHandler                       (abs)        000000
_EUSART_DefaultFramingErrorHandler                (abs)        000000
_EUSART_DefaultOverrunErrorHandler                (abs)        000000
_EUSART_ErrorHandler                              nvBANK0      000080
_EUSART_FramingErrorHandler                       nvCOMRAM     00004E
_EUSART_Initialize                                text7        0017BE
_EUSART_OverrunErrorHandler                       nvCOMRAM     00004C
_EUSART_SetErrorHandler                           text10       001AE6
_EUSART_SetFramingErrorHandler                    text9        001ADC
_EUSART_SetOverrunErrorHandler                    text8        001AD2
_EUSART_Write                                     text14       001A5A
_I2C_CallbackReturnReset                          text65       001B9E
_I2C_CallbackReturnStop                           text66       001BA2
_I2C_Close                                        text30       00191A
_I2C_DO_ADDRESS_NACK                              text38       001660
_I2C_DO_IDLE                                      text52       001B0E
_I2C_DO_RCEN                                      text47       001B04
_I2C_DO_RESET                                     text39       001AFA
_I2C_DO_RX                                        text48       001258
_I2C_DO_RX_ACK                                    text42       001B38
_I2C_DO_RX_NACK_RESTART                           text40       001B28
_I2C_DO_RX_NACK_STOP                              text41       001B30
_I2C_DO_SEND_ADR_READ                             text51       001AAE
_I2C_DO_SEND_ADR_WRITE                            text50       001ABC
_I2C_DO_SEND_RESTART                              text44       001B48
_I2C_DO_SEND_RESTART_READ                         text46       001B58
_I2C_DO_SEND_RESTART_WRITE                        text45       001B50
_I2C_DO_SEND_STOP                                 text43       001B40
_I2C_DO_TX                                        text49       00103A
_I2C_DO_TX_EMPTY                                  text53       001492
_I2C_Initialize                                   text6        001A86
_I2C_MasterClearIrq                               text33       001B8A
_I2C_MasterClose                                  text32       001B86
_I2C_MasterDisableIrq                             text31       001B82
_I2C_MasterEnableIrq                              text26       001B7A
_I2C_MasterEnableRestart                          text72       001BAA
_I2C_MasterFsm                                    text36       0015F8
_I2C_MasterGetRxData                              text58       001B96
_I2C_MasterIsNack                                 text55       001A9A
_I2C_MasterIsr                                    text35       001B68
_I2C_MasterOpen                                   text25       001988
_I2C_MasterOperation                              text28       0017FC
_I2C_MasterSendAck                                text57       001B6E
_I2C_MasterSendNack                               text59       001B74
_I2C_MasterSendTxData                             text56       001B60
_I2C_MasterSetIrq                                 text54       001B92
_I2C_MasterStart                                  text29       001B7E
_I2C_MasterStartRx                                text60       001B9A
_I2C_MasterStop                                   text71       001BA6
_I2C_MasterWrite                                  text27       001B20
_I2C_Open                                         text23       0012FC
_I2C_Read1ByteRegister                            text18       001398
_I2C_SetAddressNackCallback                       text21       001A14
_I2C_SetBuffer                                    text20       001966
_I2C_SetCallback                                  text22       001418
_I2C_SetDataCompleteCallback                      text19       0019FC
_I2C_SetInterruptHandler                          text24       001AF0
_I2C_Status                                       bssCOMRAM    000001
_I2C_Write1ByteRegister                           text16       001586
_INTCON2bits                                      (abs)        000FF1
_INTCONbits                                       (abs)        000FF2
_INTERRUPT_Initialize                             text5        001B18
_INTERRUPT_InterruptManagerHigh                   intcode      000008
_IPR1bits                                         (abs)        000F9F
_IPR2bits                                         (abs)        000FA2
_LATA                                             (abs)        000F89
_LATB                                             (abs)        000F8A
_LATC                                             (abs)        000F8B
_LATD                                             (abs)        000F8C
_LATE                                             (abs)        000F8D
_MSSP_InterruptHandler                            bssCOMRAM    000031
_OSCCON                                           (abs)        000FD3
_OSCILLATOR_Initialize                            text4        001AC8
_OSCTUNE                                          (abs)        000F9B
_PIE1bits                                         (abs)        000F9D
_PIE2bits                                         (abs)        000FA0
_PIN_MANAGER_Initialize                           text3        00183A
_PIR1bits                                         (abs)        000F9E
_PIR2bits                                         (abs)        000FA1
_Print_RealTimeClockDS1307                        text12       0011B4
_RCONbits                                         (abs)        000FD0
_RCREG                                            (abs)        000FAE
_RCSTA                                            (abs)        000FAB
_RCSTAbits                                        (abs)        000FAB
_RealTimeClockDS1307                              bssCOMRAM    000025
_RealTimeClockDS1307_Get_Date_Time                text11       001722
_RealTimeClockDS1307_Pack                         bssBANK0     000060
_RealTimeClockDS1307_obj                          bssCOMRAM    00002B
_SPBRG                                            (abs)        000FAF
_SPBRGH                                           (abs)        000FB0
_SSPADD                                           (abs)        000FC8
_SSPBUF                                           (abs)        000FC9
_SSPCON1                                          (abs)        000FC6
_SSPCON1bits                                      (abs)        000FC6
_SSPCON2                                          (abs)        000FC5
_SSPCON2bits                                      (abs)        000FC5
_SSPSTAT                                          (abs)        000FC7
_SSPSTATbits                                      (abs)        000FC7
_SYSTEM_Initialize                                text2        001A44
_TABLAT                                           (abs)        000FF5
_TBLPTRH                                          (abs)        000FF7
_TBLPTRL                                          (abs)        000FF6
_TBLPTRU                                          (abs)        000FF8
_TC74_A7_TempValue                                bssCOMRAM    000034
_TRISA                                            (abs)        000F92
_TRISB                                            (abs)        000F93
_TRISC                                            (abs)        000F94
_TRISD                                            (abs)        000F95
_TRISE                                            (abs)        000F96
_TXREG                                            (abs)        000FAD
_TXSTA                                            (abs)        000FAC
_TXSTAbits                                        (abs)        000FAC
_TempSensor_TC74_Read_Temp                        text1        0019CC
_U4RecValue                                       bssCOMRAM    000036
_U5RecValue                                       bssCOMRAM    000035
_UART_LoggingDebugData_Send_String                text13       0016C4
_WPUB                                             (abs)        000F7C
__HRAM                                            (abs)        000000
__Habs1                                           abs1         000000
__Hbank0                                          bank0        000000
__Hbank1                                          bank1        000000
__Hbank10                                         bank10       000000
__Hbank11                                         bank11       000000
__Hbank12                                         bank12       000000
__Hbank13                                         bank13       000000
__Hbank14                                         bank14       000000
__Hbank15                                         bank15       000000
__Hbank2                                          bank2        000000
__Hbank3                                          bank3        000000
__Hbank4                                          bank4        000000
__Hbank5                                          bank5        000000
__Hbank6                                          bank6        000000
__Hbank7                                          bank7        000000
__Hbank8                                          bank8        000000
__Hbank9                                          bank9        000000
__Hbigbss                                         bigbss       000000
__Hbigdata                                        bigdata      000000
__Hbigram                                         bigram       000000
__Hbigsfr                                         bigsfr       000000
__Hbss                                            bss          000000
__HbssBANK0                                       bssBANK0     000000
__HbssCOMRAM                                      bssCOMRAM    000000
__Hcinit                                          cinit        000000
__Hclrtext                                        clrtext      000000
__Hcomram                                         comram       000000
__Hconfig                                         config       30000E
__Hconst                                          const        000000
__HcstackBANK0                                    cstackBANK0  000000
__HcstackCOMRAM                                   cstackCOMRAM 000000
__Hdata                                           data         000000
__Heeprom_data                                    eeprom_data  000000
__Hfarbss                                         farbss       000000
__Hfardata                                        fardata      000000
__Hheap                                           heap         000000
__Hibigdata                                       ibigdata     000000
__Hidata                                          idata        000000
__Hidloc                                          idloc        200008
__Hifardata                                       ifardata     000000
__Hinit                                           init         0000BA
__Hintcode                                        intcode      0000B6
__Hintcode_body                                   intcode_body 000000
__Hintcodelo                                      intcodelo    0000B6
__Hintentry                                       intentry     000000
__Hintret                                         intret       000000
__Hintsave_regs                                   intsave_regs 000000
__Hirdata                                         irdata       000000
__Hmediumconst                                    mediumconst  000000
__HnvBANK0                                        nvBANK0      000000
__HnvCOMRAM                                       nvCOMRAM     000000
__HnvFARRAM                                       nvFARRAM     000000
__Hnvbit                                          nvbit        000000
__Hnvrram                                         nvrram       000000
__Hparam                                          rparam       000000
__Hpowerup                                        powerup      0000B6
__Hram                                            ram          000000
__Hramtop                                         ramtop       001000
__Hrbit                                           rbit         000000
__Hrbss                                           rbss         000000
__Hrdata                                          rdata        000000
__Hreset_vec                                      reset_vec    000004
__Hrparam                                         rparam       000000
__Hsfr                                            sfr          000000
__Hsmallconst                                     smallconst   00103A
__Hspace_0                                        (abs)        001BAE
__Hspace_1                                        (abs)        000082
__Hspace_2                                        (abs)        000000
__Hspace_4                                        (abs)        60000E
__Hstack                                          stack        000000
__Hstruct                                         struct       000000
__Htemp                                           temp         000051
__Htext                                           text         000000
__Htext0                                          text0        000000
__Htext1                                          text1        000000
__Htext10                                         text10       000000
__Htext11                                         text11       000000
__Htext12                                         text12       000000
__Htext13                                         text13       000000
__Htext14                                         text14       000000
__Htext15                                         text15       000000
__Htext16                                         text16       000000
__Htext17                                         text17       000000
__Htext18                                         text18       000000
__Htext19                                         text19       000000
__Htext2                                          text2        000000
__Htext20                                         text20       000000
__Htext21                                         text21       000000
__Htext22                                         text22       000000
__Htext23                                         text23       000000
__Htext24                                         text24       000000
__Htext25                                         text25       000000
__Htext26                                         text26       000000
__Htext27                                         text27       000000
__Htext28                                         text28       000000
__Htext29                                         text29       000000
__Htext3                                          text3        000000
__Htext30                                         text30       000000
__Htext31                                         text31       000000
__Htext32                                         text32       000000
__Htext33                                         text33       000000
__Htext35                                         text35       000000
__Htext36                                         text36       000000
__Htext37                                         text37       000000
__Htext38                                         text38       000000
__Htext39                                         text39       000000
__Htext4                                          text4        000000
__Htext40                                         text40       000000
__Htext41                                         text41       000000
__Htext42                                         text42       000000
__Htext43                                         text43       000000
__Htext44                                         text44       000000
__Htext45                                         text45       000000
__Htext46                                         text46       000000
__Htext47                                         text47       000000
__Htext48                                         text48       000000
__Htext49                                         text49       000000
__Htext5                                          text5        000000
__Htext50                                         text50       000000
__Htext51                                         text51       000000
__Htext52                                         text52       000000
__Htext53                                         text53       000000
__Htext54                                         text54       000000
__Htext55                                         text55       000000
__Htext56                                         text56       000000
__Htext57                                         text57       000000
__Htext58                                         text58       000000
__Htext59                                         text59       000000
__Htext6                                          text6        000000
__Htext60                                         text60       000000
__Htext61                                         text61       000000
__Htext62                                         text62       000000
__Htext63                                         text63       000000
__Htext64                                         text64       000000
__Htext65                                         text65       000000
__Htext66                                         text66       000000
__Htext67                                         text67       000000
__Htext68                                         text68       000000
__Htext69                                         text69       000000
__Htext7                                          text7        000000
__Htext70                                         text70       000000
__Htext71                                         text71       000000
__Htext72                                         text72       000000
__Htext73                                         text73       000000
__Htext8                                          text8        000000
__Htext9                                          text9        000000
__LRAM                                            (abs)        000001
__Labs1                                           abs1         000000
__Lbank0                                          bank0        000000
__Lbank1                                          bank1        000000
__Lbank10                                         bank10       000000
__Lbank11                                         bank11       000000
__Lbank12                                         bank12       000000
__Lbank13                                         bank13       000000
__Lbank14                                         bank14       000000
__Lbank15                                         bank15       000000
__Lbank2                                          bank2        000000
__Lbank3                                          bank3        000000
__Lbank4                                          bank4        000000
__Lbank5                                          bank5        000000
__Lbank6                                          bank6        000000
__Lbank7                                          bank7        000000
__Lbank8                                          bank8        000000
__Lbank9                                          bank9        000000
__Lbigbss                                         bigbss       000000
__Lbigdata                                        bigdata      000000
__Lbigram                                         bigram       000000
__Lbigsfr                                         bigsfr       000000
__Lbss                                            bss          000000
__LbssBANK0                                       bssBANK0     000000
__LbssCOMRAM                                      bssCOMRAM    000000
__Lcinit                                          cinit        000000
__Lclrtext                                        clrtext      000000
__Lcomram                                         comram       000000
__Lconfig                                         config       000000
__Lconst                                          const        000000
__LcstackBANK0                                    cstackBANK0  000000
__LcstackCOMRAM                                   cstackCOMRAM 000000
__Ldata                                           data         000000
__Leeprom_data                                    eeprom_data  000000
__Lfarbss                                         farbss       000000
__Lfardata                                        fardata      000000
__Lheap                                           heap         000000
__Libigdata                                       ibigdata     000000
__Lidata                                          idata        000000
__Lidloc                                          idloc        000000
__Lifardata                                       ifardata     000000
__Linit                                           init         0000B6
__Lintcode                                        intcode      000008
__Lintcode_body                                   intcode_body 000000
__Lintcodelo                                      intcodelo    0000B6
__Lintentry                                       intentry     000000
__Lintret                                         intret       000000
__Lintsave_regs                                   intsave_regs 000000
__Lirdata                                         irdata       000000
__Lmediumconst                                    mediumconst  000000
__LnvBANK0                                        nvBANK0      000000
__LnvCOMRAM                                       nvCOMRAM     000000
__LnvFARRAM                                       nvFARRAM     000000
__Lnvbit                                          nvbit        000000
__Lnvrram                                         nvrram       000000
__Lparam                                          rparam       000000
__Lpowerup                                        powerup      0000B6
__Lram                                            ram          000000
__Lramtop                                         ramtop       001000
__Lrbit                                           rbit         000000
__Lrbss                                           rbss         000000
__Lrdata                                          rdata        000000
__Lreset_vec                                      reset_vec    000000
__Lrparam                                         rparam       000000
__Lsfr                                            sfr          000000
__Lsmallconst                                     smallconst   001000
__Lspace_0                                        (abs)        000000
__Lspace_1                                        (abs)        000000
__Lspace_2                                        (abs)        000000
__Lspace_4                                        (abs)        000000
__Lstack                                          stack        000000
__Lstruct                                         struct       000000
__Ltemp                                           temp         000050
__Ltext                                           text         000000
__Ltext0                                          text0        000000
__Ltext1                                          text1        000000
__Ltext10                                         text10       000000
__Ltext11                                         text11       000000
__Ltext12                                         text12       000000
__Ltext13                                         text13       000000
__Ltext14                                         text14       000000
__Ltext15                                         text15       000000
__Ltext16                                         text16       000000
__Ltext17                                         text17       000000
__Ltext18                                         text18       000000
__Ltext19                                         text19       000000
__Ltext2                                          text2        000000
__Ltext20                                         text20       000000
__Ltext21                                         text21       000000
__Ltext22                                         text22       000000
__Ltext23                                         text23       000000
__Ltext24                                         text24       000000
__Ltext25                                         text25       000000
__Ltext26                                         text26       000000
__Ltext27                                         text27       000000
__Ltext28                                         text28       000000
__Ltext29                                         text29       000000
__Ltext3                                          text3        000000
__Ltext30                                         text30       000000
__Ltext31                                         text31       000000
__Ltext32                                         text32       000000
__Ltext33                                         text33       000000
__Ltext35                                         text35       000000
__Ltext36                                         text36       000000
__Ltext37                                         text37       000000
__Ltext38                                         text38       000000
__Ltext39                                         text39       000000
__Ltext4                                          text4        000000
__Ltext40                                         text40       000000
__Ltext41                                         text41       000000
__Ltext42                                         text42       000000
__Ltext43                                         text43       000000
__Ltext44                                         text44       000000
__Ltext45                                         text45       000000
__Ltext46                                         text46       000000
__Ltext47                                         text47       000000
__Ltext48                                         text48       000000
__Ltext49                                         text49       000000
__Ltext5                                          text5        000000
__Ltext50                                         text50       000000
__Ltext51                                         text51       000000
__Ltext52                                         text52       000000
__Ltext53                                         text53       000000
__Ltext54                                         text54       000000
__Ltext55                                         text55       000000
__Ltext56                                         text56       000000
__Ltext57                                         text57       000000
__Ltext58                                         text58       000000
__Ltext59                                         text59       000000
__Ltext6                                          text6        000000
__Ltext60                                         text60       000000
__Ltext61                                         text61       000000
__Ltext62                                         text62       000000
__Ltext63                                         text63       000000
__Ltext64                                         text64       000000
__Ltext65                                         text65       000000
__Ltext66                                         text66       000000
__Ltext67                                         text67       000000
__Ltext68                                         text68       000000
__Ltext69                                         text69       000000
__Ltext7                                          text7        000000
__Ltext70                                         text70       000000
__Ltext71                                         text71       000000
__Ltext72                                         text72       000000
__Ltext73                                         text73       000000
__Ltext8                                          text8        000000
__Ltext9                                          text9        000000
__S0                                              (abs)        001BAE
__S1                                              (abs)        000082
__S4                                              (abs)        000000
__S5                                              (abs)        000000
___heap_hi                                        (abs)        000000
___heap_lo                                        (abs)        000000
___inthi_sp                                       stack        000000
___intlo_sp                                       stack        000000
___param_bank                                     (abs)        000000
___rparam_used                                    (abs)        000001
___sp                                             stack        000000
__accesstop                                       (abs)        000060
__activetblptr                                    (abs)        000003
__end_of_EEPROM_24C02C_Read_Byte                  text17       0019FC
__end_of_EEPROM_24C02C_Write_Byte                 text15       001A86
__end_of_EUSART_Initialize                        text7        0017FC
__end_of_EUSART_SetErrorHandler                   text10       001AF0
__end_of_EUSART_SetFramingErrorHandler            text9        001AE6
__end_of_EUSART_SetOverrunErrorHandler            text8        001ADC
__end_of_EUSART_Write                             text14       001A70
__end_of_I2C_CallbackReturnReset                  text65       001BA2
__end_of_I2C_CallbackReturnStop                   text66       001BA6
__end_of_I2C_Close                                text30       001944
__end_of_I2C_DO_ADDRESS_NACK                      text38       0016C4
__end_of_I2C_DO_IDLE                              text52       001B18
__end_of_I2C_DO_RCEN                              text47       001B0E
__end_of_I2C_DO_RESET                             text39       001B04
__end_of_I2C_DO_RX                                text48       0012FC
__end_of_I2C_DO_RX_ACK                            text42       001B40
__end_of_I2C_DO_RX_NACK_RESTART                   text40       001B30
__end_of_I2C_DO_RX_NACK_STOP                      text41       001B38
__end_of_I2C_DO_SEND_ADR_READ                     text51       001ABC
__end_of_I2C_DO_SEND_ADR_WRITE                    text50       001AC8
__end_of_I2C_DO_SEND_RESTART                      text44       001B50
__end_of_I2C_DO_SEND_RESTART_READ                 text46       001B60
__end_of_I2C_DO_SEND_RESTART_WRITE                text45       001B58
__end_of_I2C_DO_SEND_STOP                         text43       001B48
__end_of_I2C_DO_TX                                text49       0010F8
__end_of_I2C_DO_TX_EMPTY                          text53       00150C
__end_of_I2C_Initialize                           text6        001A9A
__end_of_I2C_MasterClearIrq                       text33       001B8E
__end_of_I2C_MasterClose                          text32       001B8A
__end_of_I2C_MasterDisableIrq                     text31       001B86
__end_of_I2C_MasterEnableIrq                      text26       001B7E
__end_of_I2C_MasterEnableRestart                  text72       001BAE
__end_of_I2C_MasterFsm                            text36       001660
__end_of_I2C_MasterGetRxData                      text58       001B9A
__end_of_I2C_MasterIsNack                         text55       001AAE
__end_of_I2C_MasterIsr                            text35       001B6E
__end_of_I2C_MasterOpen                           text25       0019AA
__end_of_I2C_MasterOperation                      text28       00183A
__end_of_I2C_MasterSendAck                        text57       001B74
__end_of_I2C_MasterSendNack                       text59       001B7A
__end_of_I2C_MasterSendTxData                     text56       001B68
__end_of_I2C_MasterSetIrq                         text54       001B96
__end_of_I2C_MasterStart                          text29       001B82
__end_of_I2C_MasterStartRx                        text60       001B9E
__end_of_I2C_MasterStop                           text71       001BAA
__end_of_I2C_MasterWrite                          text27       001B28
__end_of_I2C_Open                                 text23       001398
__end_of_I2C_Read1ByteRegister                    text18       001418
__end_of_I2C_SetAddressNackCallback               text21       001A2C
__end_of_I2C_SetBuffer                            text20       001988
__end_of_I2C_SetCallback                          text22       001492
__end_of_I2C_SetDataCompleteCallback              text19       001A14
__end_of_I2C_SetInterruptHandler                  text24       001AFA
__end_of_I2C_Write1ByteRegister                   text16       0015F8
__end_of_INTERRUPT_Initialize                     text5        001B20
__end_of_INTERRUPT_InterruptManagerHigh           intcode      0000B6
__end_of_OSCILLATOR_Initialize                    text4        001AD2
__end_of_PIN_MANAGER_Initialize                   text3        00186A
__end_of_Print_RealTimeClockDS1307                text12       001258
__end_of_RealTimeClockDS1307_Get_Date_Time        text11       00177E
__end_of_SYSTEM_Initialize                        text2        001A5A
__end_of_TempSensor_TC74_Read_Temp                text1        0019E4
__end_of_UART_LoggingDebugData_Send_String        text13       001722
__end_of__initialization                          cinit        00195C
__end_of_i2c_fsmStateTable                        smallconst   001021
__end_of_main                                     text0        0011B4
__end_of_rd1RegCompleteHandler                    text64       0018EE
__end_of_rd2RegCompleteHandler                    text63       0018C2
__end_of_rdBlkRegCompleteHandler                  text61       0017BE
__end_of_wr1RegCompleteHandler                    text62       001896
__end_of_wr2RegCompleteHandler                    text67       00191A
__end_ofi2_I2C_MasterClearIrq                     text37       001B92
__end_ofi2_I2C_SetBuffer                          text70       0019CC
__end_ofi2_I2C_SetCallback                        text69       001586
__end_ofi2_I2C_SetDataCompleteCallback            text68       001A44
__initialization                                  cinit        001944
__mediumconst                                     mediumconst  000000
__pbssBANK0                                       bssBANK0     000060
__pbssCOMRAM                                      bssCOMRAM    000001
__pcinit                                          cinit        001944
__pcstackBANK0                                    cstackBANK0  000072
__pcstackCOMRAM                                   cstackCOMRAM 000037
__pintcode                                        intcode      000008
__pnvBANK0                                        nvBANK0      000080
__pnvCOMRAM                                       nvCOMRAM     00004C
__psmallconst                                     smallconst   001000
__ptext0                                          text0        0010F8
__ptext1                                          text1        0019CC
__ptext10                                         text10       001AE6
__ptext11                                         text11       001722
__ptext12                                         text12       0011B4
__ptext13                                         text13       0016C4
__ptext14                                         text14       001A5A
__ptext15                                         text15       001A70
__ptext16                                         text16       001586
__ptext17                                         text17       0019E4
__ptext18                                         text18       001398
__ptext19                                         text19       0019FC
__ptext2                                          text2        001A44
__ptext20                                         text20       001966
__ptext21                                         text21       001A14
__ptext22                                         text22       001418
__ptext23                                         text23       0012FC
__ptext24                                         text24       001AF0
__ptext25                                         text25       001988
__ptext26                                         text26       001B7A
__ptext27                                         text27       001B20
__ptext28                                         text28       0017FC
__ptext29                                         text29       001B7E
__ptext3                                          text3        00183A
__ptext30                                         text30       00191A
__ptext31                                         text31       001B82
__ptext32                                         text32       001B86
__ptext33                                         text33       001B8A
__ptext35                                         text35       001B68
__ptext36                                         text36       0015F8
__ptext37                                         text37       001B8E
__ptext38                                         text38       001660
__ptext39                                         text39       001AFA
__ptext4                                          text4        001AC8
__ptext40                                         text40       001B28
__ptext41                                         text41       001B30
__ptext42                                         text42       001B38
__ptext43                                         text43       001B40
__ptext44                                         text44       001B48
__ptext45                                         text45       001B50
__ptext46                                         text46       001B58
__ptext47                                         text47       001B04
__ptext48                                         text48       001258
__ptext49                                         text49       00103A
__ptext5                                          text5        001B18
__ptext50                                         text50       001ABC
__ptext51                                         text51       001AAE
__ptext52                                         text52       001B0E
__ptext53                                         text53       001492
__ptext54                                         text54       001B92
__ptext55                                         text55       001A9A
__ptext56                                         text56       001B60
__ptext57                                         text57       001B6E
__ptext58                                         text58       001B96
__ptext59                                         text59       001B74
__ptext6                                          text6        001A86
__ptext60                                         text60       001B9A
__ptext61                                         text61       00177E
__ptext62                                         text62       00186A
__ptext63                                         text63       001896
__ptext64                                         text64       0018C2
__ptext65                                         text65       001B9E
__ptext66                                         text66       001BA2
__ptext67                                         text67       0018EE
__ptext68                                         text68       001A2C
__ptext69                                         text69       00150C
__ptext7                                          text7        0017BE
__ptext70                                         text70       0019AA
__ptext71                                         text71       001BA6
__ptext72                                         text72       001BAA
__ptext73                                         text73       000000
__ptext8                                          text8        001AD2
__ptext9                                          text9        001ADC
__ramtop                                          ramtop       001000
__smallconst                                      smallconst   001000
_eusartRxLastError                                bssCOMRAM    000033
_i2c_fsmStateTable                                smallconst   001001
_main                                             text0        0010F8
_rd1RegCompleteHandler                            text64       0018C2
_rd2RegCompleteHandler                            text63       001896
_rdBlkRegCompleteHandler                          text61       00177E
_wr1RegCompleteHandler                            text62       00186A
_wr2RegCompleteHandler                            text67       0018EE
btemp                                             temp         000050
end_of_initialization                             cinit        00195C
i2I2C_SetBuffer@buffer                            cstackCOMRAM 000037
i2I2C_SetBuffer@bufferSize                        cstackCOMRAM 000039
i2I2C_SetCallback@cb                              cstackCOMRAM 000037
i2I2C_SetCallback@idx                             cstackCOMRAM 00003B
i2I2C_SetCallback@ptr                             cstackCOMRAM 000039
i2I2C_SetDataCompleteCallback@cb                  cstackCOMRAM 00003C
i2I2C_SetDataCompleteCallback@ptr                 cstackCOMRAM 00003E
i2_I2C_MasterClearIrq                             text37       001B8E
i2_I2C_SetBuffer                                  text70       0019AA
i2_I2C_SetCallback                                text69       00150C
i2_I2C_SetDataCompleteCallback                    text68       001A2C
int$flags                                         temp         000050
intlevel0                                         text         000000
intlevel1                                         text         000000
intlevel2                                         text         000000
intlevel3                                         text         000000
isa$std                                           (abs)        000001
isa$xinst                                         (abs)        000000
rd1RegCompleteHandler@ptr                         cstackCOMRAM 000040
rd2RegCompleteHandler@ptr                         cstackCOMRAM 000040
rdBlkRegCompleteHandler@ptr                       cstackCOMRAM 000040
stackhi                                           (abs)        000000
stacklo                                           (abs)        000000
start                                             init         0000B6
start_initialization                              cinit        001944
ttemp5                                            temp         000051
ttemp6                                            temp         000054
ttemp7                                            temp         000058
wr1RegCompleteHandler@ptr                         cstackCOMRAM 000040
wr2RegCompleteHandler@ptr                         cstackCOMRAM 000040
wtemp8                                            temp         000051


MODULE INFORMATION

Module		Function		Class		Link	Load	Size
AECUL_Modules/TemSensor_TC74/TemSensor_TC74.c
		_TempSensor_TC74_Read_Temp		CODE           	19CC	0000	24

AECUL_Modules/TemSensor_TC74/TemSensor_TC74.c estimated size: 24

mcc_generated_files/interrupt_manager.c
		_INTERRUPT_Initialize		CODE           	1B18	0000	8
		_INTERRUPT_InterruptManagerHigh		CODE           	0008	0000	174

mcc_generated_files/interrupt_manager.c estimated size: 182

mcc_generated_files/examples/i2c_master_example.c
		_wr1RegCompleteHandler		CODE           	186A	0000	44
		_wr2RegCompleteHandler		CODE           	18EE	0000	44
		_I2C_Write1ByteRegister		CODE           	1586	0000	114
		_I2C_Read1ByteRegister		CODE           	1398	0000	128
		_rdBlkRegCompleteHandler		CODE           	177E	0000	64
		_rd1RegCompleteHandler		CODE           	18C2	0000	44
		_rd2RegCompleteHandler		CODE           	1896	0000	44

mcc_generated_files/examples/i2c_master_example.c estimated size: 482

mcc_generated_files/pin_manager.c
		_PIN_MANAGER_Initialize		CODE           	183A	0000	48

mcc_generated_files/pin_manager.c estimated size: 48

AECUL_Modules/EEPROM_24C02C/EEPROM_24C02C.c
		_EEPROM_24C02C_Write_Byte		CODE           	1A70	0000	22
		_EEPROM_24C02C_Read_Byte		CODE           	19E4	0000	24

AECUL_Modules/EEPROM_24C02C/EEPROM_24C02C.c estimated size: 46

shared
		i2_I2C_SetBuffer		CODE           	19AA	0000	34
		__initialization		CODE           	1944	0000	24
		i2_I2C_SetCallback		CODE           	150C	0000	122
		i2_I2C_SetDataCompleteCallback		CODE           	1A2C	0000	24
		i2_I2C_MasterClearIrq		CODE           	1B8E	0000	4
		_i2c_fsmStateTable		SMALLCONST     	1001	0000	32

shared estimated size: 240

mcc_generated_files/mcc.c
		_OSCILLATOR_Initialize		CODE           	1AC8	0000	10
		_SYSTEM_Initialize		CODE           	1A44	0000	22

mcc_generated_files/mcc.c estimated size: 32

AECUL_Modules/RealTimeClockDS1307/RealTimeClockDS1307.c
		_Print_RealTimeClockDS1307		CODE           	11B4	0000	164
		_RealTimeClockDS1307_Get_Date_Time		CODE           	1722	0000	92

AECUL_Modules/RealTimeClockDS1307/RealTimeClockDS1307.c estimated size: 256

AECUL_Modules/UART_LoggingDebugData/UART_LoggingDebugData.c
		_UART_LoggingDebugData_Send_String		CODE           	16C4	0000	94

AECUL_Modules/UART_LoggingDebugData/UART_LoggingDebugData.c estimated size: 94

mcc_generated_files/i2c_master.c
		_I2C_Close     		CODE           	191A	0000	42
		_I2C_MasterStartRx		CODE           	1B9A	0000	4
		_I2C_DO_SEND_ADR_WRITE		CODE           	1ABC	0000	12
		_I2C_DO_SEND_STOP		CODE           	1B40	0000	8
		_I2C_MasterSendNack		CODE           	1B74	0000	6
		_I2C_MasterDisableIrq		CODE           	1B82	0000	4
		_I2C_CallbackReturnStop		CODE           	1BA2	0000	4
		_I2C_MasterOperation		CODE           	17FC	0000	62
		_I2C_DO_SEND_ADR_READ		CODE           	1AAE	0000	14
		_I2C_DO_RX_NACK_STOP		CODE           	1B30	0000	8
		_I2C_DO_SEND_RESTART		CODE           	1B48	0000	8
		_I2C_DO_RX     		CODE           	1258	0000	164
		_I2C_DO_TX     		CODE           	103A	0000	190
		_I2C_DO_IDLE   		CODE           	1B0E	0000	10
		_I2C_DO_RCEN   		CODE           	1B04	0000	10
		_I2C_DO_RESET  		CODE           	1AFA	0000	10
		_I2C_MasterClose		CODE           	1B86	0000	4
		_I2C_MasterWrite		CODE           	1B20	0000	8
		_I2C_DO_RX_ACK 		CODE           	1B38	0000	8
		_I2C_MasterStart		CODE           	1B7E	0000	4
		_I2C_MasterClearIrq		CODE           	1B8A	0000	4
		_I2C_MasterGetRxData		CODE           	1B96	0000	4
		_I2C_SetCallback		CODE           	1418	0000	122
		_I2C_DO_ADDRESS_NACK		CODE           	1660	0000	100
		_I2C_MasterEnableRestart		CODE           	1BAA	0000	4
		_I2C_CallbackReturnReset		CODE           	1B9E	0000	4
		_I2C_Open      		CODE           	12FC	0000	156
		_I2C_SetAddressNackCallback		CODE           	1A14	0000	24
		_I2C_DO_TX_EMPTY		CODE           	1492	0000	122
		_I2C_DO_SEND_RESTART_WRITE		CODE           	1B50	0000	8
		_I2C_MasterIsNack		CODE           	1A9A	0000	20
		_I2C_SetDataCompleteCallback		CODE           	19FC	0000	24
		_I2C_DO_RX_NACK_RESTART		CODE           	1B28	0000	8
		_I2C_MasterSendAck		CODE           	1B6E	0000	6
		_I2C_MasterFsm 		CODE           	15F8	0000	104
		_I2C_MasterIsr 		CODE           	1B68	0000	6
		_I2C_MasterSetIrq		CODE           	1B92	0000	4
		_I2C_DO_SEND_RESTART_READ		CODE           	1B58	0000	8
		_I2C_MasterEnableIrq		CODE           	1B7A	0000	4
		_I2C_Initialize		CODE           	1A86	0000	20
		_I2C_SetBuffer 		CODE           	1966	0000	34
		_I2C_SetInterruptHandler		CODE           	1AF0	0000	10
		_I2C_MasterOpen		CODE           	1988	0000	34
		_I2C_MasterSendTxData		CODE           	1B60	0000	8
		_I2C_MasterStop		CODE           	1BA6	0000	4

mcc_generated_files/i2c_master.c estimated size: 1422

mcc_generated_files/eusart.c
		_EUSART_Write  		CODE           	1A5A	0000	22
		_EUSART_Initialize		CODE           	17BE	0000	62
		_EUSART_SetFramingErrorHandler		CODE           	1ADC	0000	10
		_EUSART_SetErrorHandler		CODE           	1AE6	0000	10
		_EUSART_SetOverrunErrorHandler		CODE           	1AD2	0000	10

mcc_generated_files/eusart.c estimated size: 114

main.c
		_main          		CODE           	10F8	0000	188

main.c estimated size: 188

